[2026-05-11 20:44:22] ERROR Error: Socket timeout
    at Socket.<anonymous> (C:\Projects\adisyon sistemi\backend\node_modules\node-thermal-printer\lib\interfaces\network.js:76:16)
    at Socket.emit (node:events:518:28)
    at Socket._onTimeout (node:net:604:8)
    at listOnTimeout (node:internal/timers:588:17)
    at process.processTimers (node:internal/timers:523:7) {"service":"adisyon-backend","ticketType":"ORDER_CONFIRMATION","payloadPreview":"MASA: BALKON 1\nGARSON: ADMIN KULLANICI\nSIPARIS: #82\n\n4x deneeme"}
[2026-05-11 21:08:43] ERROR Error: Socket timeout
    at Socket.<anonymous> (C:\Projects\adisyon sistemi\backend\node_modules\node-thermal-printer\lib\interfaces\network.js:76:16)
    at Socket.emit (node:events:518:28)
    at Socket._onTimeout (node:net:604:8)
    at listOnTimeout (node:internal/timers:588:17)
    at process.processTimers (node:internal/timers:523:7) {"service":"adisyon-backend","ticketType":"CUSTOMER_RECEIPT","payloadPreview":"MASA: BALKON 1\nSIPARIS: #82\n\n4x deneeme\n\nARA TOPLAM: 800.00 TL\nISKONTO: 0.00 TL\nKDV: 72.73 TL\nTOPLAM: 800.00 TL\nODEME: CASH"}
[2026-05-11 21:08:49] ERROR Error: Socket timeout
    at Socket.<anonymous> (C:\Projects\adisyon sistemi\backend\node_modules\node-thermal-printer\lib\interfaces\network.js:76:16)
    at Socket.emit (node:events:518:28)
    at Socket._onTimeout (node:net:604:8)
    at listOnTimeout (node:internal/timers:588:17)
    at process.processTimers (node:internal/timers:523:7) {"service":"adisyon-backend","ticketType":"ORDER_CONFIRMATION","payloadPreview":"MASA: BALKON 6\nGARSON: ADMIN KULLANICI\nSIPARIS: #83\n\n5x Adaçayı"}
[2026-05-11 21:08:53] ERROR Error: Socket timeout
    at Socket.<anonymous> (C:\Projects\adisyon sistemi\backend\node_modules\node-thermal-printer\lib\interfaces\network.js:76:16)
    at Socket.emit (node:events:518:28)
    at Socket._onTimeout (node:net:604:8)
    at listOnTimeout (node:internal/timers:588:17)
    at process.processTimers (node:internal/timers:523:7) {"service":"adisyon-backend","ticketType":"CUSTOMER_RECEIPT","payloadPreview":"MASA: BALKON 6\nSIPARIS: #83\n\n5x Adaçayı\n\nARA TOPLAM: 800.00 TL\nISKONTO: 0.00 TL\nKDV: 72.73 TL\nTOPLAM: 800.00 TL\nODEME: CARD"}
[2026-05-11 21:08:59] ERROR Error: Socket timeout
    at Socket.<anonymous> (C:\Projects\adisyon sistemi\backend\node_modules\node-thermal-printer\lib\interfaces\network.js:76:16)
    at Socket.emit (node:events:518:28)
    at Socket._onTimeout (node:net:604:8)
    at listOnTimeout (node:internal/timers:588:17)
    at process.processTimers (node:internal/timers:523:7) {"service":"adisyon-backend","ticketType":"ORDER_CONFIRMATION","payloadPreview":"MASA: BALKON 11\nGARSON: ADMIN KULLANICI\nSIPARIS: #84\n\n4x Fincan Çay"}
[2026-05-11 21:09:03] ERROR Error: Socket timeout
    at Socket.<anonymous> (C:\Projects\adisyon sistemi\backend\node_modules\node-thermal-printer\lib\interfaces\network.js:76:16)
    at Socket.emit (node:events:518:28)
    at Socket._onTimeout (node:net:604:8)
    at listOnTimeout (node:internal/timers:588:17)
    at process.processTimers (node:internal/timers:523:7) {"service":"adisyon-backend","ticketType":"CUSTOMER_RECEIPT","payloadPreview":"MASA: BALKON 11\nSIPARIS: #84\n\n4x Fincan Çay\n\nARA TOPLAM: 280.00 TL\nISKONTO: 0.00 TL\nKDV: 25.45 TL\nTOPLAM: 280.00 TL\nODEME: CASH"}
[2026-05-11 21:09:10] ERROR Error: Socket timeout
    at Socket.<anonymous> (C:\Projects\adisyon sistemi\backend\node_modules\node-thermal-printer\lib\interfaces\network.js:76:16)
    at Socket.emit (node:events:518:28)
    at Socket._onTimeout (node:net:604:8)
    at listOnTimeout (node:internal/timers:588:17)
    at process.processTimers (node:internal/timers:523:7) {"service":"adisyon-backend","ticketType":"ORDER_CONFIRMATION","payloadPreview":"MASA: BALKON 1\nGARSON: ADMIN KULLANICI\nSIPARIS: #85\n\n2x Damla Sakızlı Türk Kahvesi\nNot: sade 1\naz sekerli 1"}
[2026-05-11 21:09:20] ERROR Error: Socket timeout
    at Socket.<anonymous> (C:\Projects\adisyon sistemi\backend\node_modules\node-thermal-printer\lib\interfaces\network.js:76:16)
    at Socket.emit (node:events:518:28)
    at Socket._onTimeout (node:net:604:8)
    at listOnTimeout (node:internal/timers:588:17)
    at process.processTimers (node:internal/timers:523:7) {"service":"adisyon-backend","ticketType":"CUSTOMER_RECEIPT","payloadPreview":"MASA: BALKON 1\nSIPARIS: #85\n\n1x Damla Sakızlı Türk Kahvesi\n\nARA TOPLAM: 150.00 TL\nISKONTO: 0.00 TL\nKDV: 13.64 TL\nTOPLAM: 150.00 TL\nODEME: CASH"}
[2026-05-11 21:09:32] ERROR Error: Socket timeout
    at Socket.<anonymous> (C:\Projects\adisyon sistemi\backend\node_modules\node-thermal-printer\lib\interfaces\network.js:76:16)
    at Socket.emit (node:events:518:28)
    at Socket._onTimeout (node:net:604:8)
    at listOnTimeout (node:internal/timers:588:17)
    at process.processTimers (node:internal/timers:523:7) {"service":"adisyon-backend","ticketType":"ORDER_CONFIRMATION","payloadPreview":"MASA: BALKON 1\nGARSON: ADMIN KULLANICI\nSIPARIS: #85\n\n2x Adaçayı"}
[2026-05-11 21:09:39] ERROR Error: Socket timeout
    at Socket.<anonymous> (C:\Projects\adisyon sistemi\backend\node_modules\node-thermal-printer\lib\interfaces\network.js:76:16)
    at Socket.emit (node:events:518:28)
    at Socket._onTimeout (node:net:604:8)
    at listOnTimeout (node:internal/timers:588:17)
    at process.processTimers (node:internal/timers:523:7) {"service":"adisyon-backend","ticketType":"CUSTOMER_RECEIPT","payloadPreview":"MASA: BALKON 1\nSIPARIS: #85\n\n1x Damla Sakızlı Türk Kahvesi\n\nARA TOPLAM: 150.00 TL\nISKONTO: 0.00 TL\nKDV: 13.64 TL\nTOPLAM: 150.00 TL\nODEME: CASH"}
[2026-05-11 21:18:19] ERROR Error: Socket timeout
    at Socket.<anonymous> (C:\Projects\adisyon sistemi\backend\node_modules\node-thermal-printer\lib\interfaces\network.js:76:16)
    at Socket.emit (node:events:518:28)
    at Socket._onTimeout (node:net:604:8)
    at listOnTimeout (node:internal/timers:588:17)
    at process.processTimers (node:internal/timers:523:7) {"service":"adisyon-backend","ticketType":"ORDER_CONFIRMATION","payloadPreview":"MASA: BALKON 1\nGARSON: ADMIN KULLANICI\nSIPARIS: #85\n\n2x Adaçayı"}
[2026-05-11 21:26:59] ERROR Error: Socket timeout
    at Socket.<anonymous> (C:\Projects\adisyon sistemi\backend\node_modules\node-thermal-printer\lib\interfaces\network.js:76:16)
    at Socket.emit (node:events:518:28)
    at Socket._onTimeout (node:net:604:8)
    at listOnTimeout (node:internal/timers:588:17)
    at process.processTimers (node:internal/timers:523:7) {"service":"adisyon-backend","ticketType":"ITEM_CANCELLED","payloadPreview":""}
[2026-05-11 21:27:09] ERROR Error: Socket timeout
    at Socket.<anonymous> (C:\Projects\adisyon sistemi\backend\node_modules\node-thermal-printer\lib\interfaces\network.js:76:16)
    at Socket.emit (node:events:518:28)
    at Socket._onTimeout (node:net:604:8)
    at listOnTimeout (node:internal/timers:588:17)
    at process.processTimers (node:internal/timers:523:7) {"service":"adisyon-backend","ticketType":"ORDER_CONFIRMATION","payloadPreview":"MASA: BALKON 1\nGARSON: ADMIN KULLANICI\nSIPARIS: #86\n\n5x Adaçayı"}
[2026-05-11 21:27:22] ERROR Error: Socket timeout
    at Socket.<anonymous> (C:\Projects\adisyon sistemi\backend\node_modules\node-thermal-printer\lib\interfaces\network.js:76:16)
    at Socket.emit (node:events:518:28)
    at Socket._onTimeout (node:net:604:8)
    at listOnTimeout (node:internal/timers:588:17)
    at process.processTimers (node:internal/timers:523:7) {"service":"adisyon-backend","ticketType":"CUSTOMER_RECEIPT","payloadPreview":"MASA: BALKON 1\nSIPARIS: #86\n\n1x Adaçayı\n\nARA TOPLAM: 160.00 TL\nISKONTO: 0.00 TL\nKDV: 14.55 TL\nTOPLAM: 160.00 TL\nODEME: CASH"}
[2026-05-11 21:30:46] ERROR Error: Socket timeout
    at Socket.<anonymous> (C:\Projects\adisyon sistemi\backend\node_modules\node-thermal-printer\lib\interfaces\network.js:76:16)
    at Socket.emit (node:events:518:28)
    at Socket._onTimeout (node:net:604:8)
    at listOnTimeout (node:internal/timers:588:17)
    at process.processTimers (node:internal/timers:523:7) {"service":"adisyon-backend","ticketType":"ITEM_CANCELLED","payloadPreview":""}
[2026-05-11 21:30:57] ERROR Error: Socket timeout
    at Socket.<anonymous> (C:\Projects\adisyon sistemi\backend\node_modules\node-thermal-printer\lib\interfaces\network.js:76:16)
    at Socket.emit (node:events:518:28)
    at Socket._onTimeout (node:net:604:8)
    at listOnTimeout (node:internal/timers:588:17)
    at process.processTimers (node:internal/timers:523:7) {"service":"adisyon-backend","ticketType":"ORDER_CONFIRMATION","payloadPreview":"MASA: BALKON 1\nGARSON: ADMIN KULLANICI\nSIPARIS: #87\n\n1x Damla Sakızlı Türk Kahvesi\nNot: sade 1"}
[2026-05-11 21:35:14] ERROR Error: Socket timeout
    at Socket.<anonymous> (C:\Projects\adisyon sistemi\backend\node_modules\node-thermal-printer\lib\interfaces\network.js:76:16)
    at Socket.emit (node:events:518:28)
    at Socket._onTimeout (node:net:604:8)
    at listOnTimeout (node:internal/timers:588:17)
    at process.processTimers (node:internal/timers:523:7) {"service":"adisyon-backend","ticketType":"ITEM_CANCELLED","payloadPreview":""}
[2026-05-11 21:35:16] ERROR ReferenceError: Cannot access 'netAmount' before initialization
    at amountPayment (C:\Projects\adisyon sistemi\backend\src\controllers\order.controller.js:1375:5)
    at process.processTicksAndRejections (node:internal/process/task_queues:105:5) {"service":"adisyon-backend","method":"POST","path":"/api/waiter/orders/88/amount-payment","statusCode":500}
[2026-05-11 21:35:24] ERROR Error: Socket timeout
    at Socket.<anonymous> (C:\Projects\adisyon sistemi\backend\node_modules\node-thermal-printer\lib\interfaces\network.js:76:16)
    at Socket.emit (node:events:518:28)
    at Socket._onTimeout (node:net:604:8)
    at listOnTimeout (node:internal/timers:588:17)
    at process.processTimers (node:internal/timers:523:7) {"service":"adisyon-backend","ticketType":"ORDER_CONFIRMATION","payloadPreview":"MASA: BALKON 1\nGARSON: ADMIN KULLANICI\nSIPARIS: #88\n\n4x Adaçayı"}
[2026-05-11 21:35:25] ERROR ReferenceError: Cannot access 'netAmount' before initialization
    at amountPayment (C:\Projects\adisyon sistemi\backend\src\controllers\order.controller.js:1375:5)
    at process.processTicksAndRejections (node:internal/process/task_queues:105:5) {"service":"adisyon-backend","method":"POST","path":"/api/waiter/orders/88/amount-payment","statusCode":500}
[2026-05-11 21:35:29] ERROR ReferenceError: Cannot access 'netAmount' before initialization
    at amountPayment (C:\Projects\adisyon sistemi\backend\src\controllers\order.controller.js:1375:5)
    at process.processTicksAndRejections (node:internal/process/task_queues:105:5) {"service":"adisyon-backend","method":"POST","path":"/api/waiter/orders/88/amount-payment","statusCode":500}
[2026-05-11 21:41:22] ERROR Error: Socket timeout
    at Socket.<anonymous> (C:\Projects\adisyon sistemi\backend\node_modules\node-thermal-printer\lib\interfaces\network.js:76:16)
    at Socket.emit (node:events:518:28)
    at Socket._onTimeout (node:net:604:8)
    at listOnTimeout (node:internal/timers:588:17)
    at process.processTimers (node:internal/timers:523:7) {"service":"adisyon-backend","ticketType":"CUSTOMER_RECEIPT","payloadPreview":"MASA: BALKON 1\nSIPARIS: #88\n\n4x Adaçayı\n\nARA TOPLAM: 0.00 TL\nISKONTO: 0.00 TL\nKDV: 0.00 TL\nTOPLAM: 0.00 TL\nODEME: CASH"}
[2026-05-11 21:41:47] ERROR Error: Socket timeout
    at Socket.<anonymous> (C:\Projects\adisyon sistemi\backend\node_modules\node-thermal-printer\lib\interfaces\network.js:76:16)
    at Socket.emit (node:events:518:28)
    at Socket._onTimeout (node:net:604:8)
    at listOnTimeout (node:internal/timers:588:17)
    at process.processTimers (node:internal/timers:523:7) {"service":"adisyon-backend","ticketType":"ORDER_CONFIRMATION","payloadPreview":"MASA: BALKON 1\nGARSON: ADMIN KULLANICI\nSIPARIS: #89\n\n2x Adaçayı"}
[2026-05-11 21:41:54] ERROR Error: Socket timeout
    at Socket.<anonymous> (C:\Projects\adisyon sistemi\backend\node_modules\node-thermal-printer\lib\interfaces\network.js:76:16)
    at Socket.emit (node:events:518:28)
    at Socket._onTimeout (node:net:604:8)
    at listOnTimeout (node:internal/timers:588:17)
    at process.processTimers (node:internal/timers:523:7) {"service":"adisyon-backend","ticketType":"CUSTOMER_RECEIPT","payloadPreview":"MASA: BALKON 1\nSIPARIS: #89\n\n2x Adaçayı\n\nARA TOPLAM: 0.00 TL\nISKONTO: 0.00 TL\nKDV: 0.00 TL\nTOPLAM: 0.00 TL\nODEME: CASH"}
[2026-05-11 21:42:10] ERROR Error: Socket timeout
    at Socket.<anonymous> (C:\Projects\adisyon sistemi\backend\node_modules\node-thermal-printer\lib\interfaces\network.js:76:16)
    at Socket.emit (node:events:518:28)
    at Socket._onTimeout (node:net:604:8)
    at listOnTimeout (node:internal/timers:588:17)
    at process.processTimers (node:internal/timers:523:7) {"service":"adisyon-backend","ticketType":"ORDER_CONFIRMATION","payloadPreview":"MASA: BALKON 1\nGARSON: ADMIN KULLANICI\nSIPARIS: #90\n\n2x Berriscus"}
[2026-05-11 21:42:16] ERROR Error: Socket timeout
    at Socket.<anonymous> (C:\Projects\adisyon sistemi\backend\node_modules\node-thermal-printer\lib\interfaces\network.js:76:16)
    at Socket.emit (node:events:518:28)
    at Socket._onTimeout (node:net:604:8)
    at listOnTimeout (node:internal/timers:588:17)
    at process.processTimers (node:internal/timers:523:7) {"service":"adisyon-backend","ticketType":"CUSTOMER_RECEIPT","payloadPreview":"MASA: BALKON 1\nSIPARIS: #90\n\n1x Berriscus\n\nARA TOPLAM: 190.00 TL\nISKONTO: 0.00 TL\nKDV: 17.27 TL\nTOPLAM: 190.00 TL\nODEME: CASH"}
[2026-05-11 21:42:26] ERROR Error: Socket timeout
    at Socket.<anonymous> (C:\Projects\adisyon sistemi\backend\node_modules\node-thermal-printer\lib\interfaces\network.js:76:16)
    at Socket.emit (node:events:518:28)
    at Socket._onTimeout (node:net:604:8)
    at listOnTimeout (node:internal/timers:588:17)
    at process.processTimers (node:internal/timers:523:7) {"service":"adisyon-backend","ticketType":"CUSTOMER_RECEIPT","payloadPreview":"MASA: BALKON 1\nSIPARIS: #90\n\n2x Berriscus\n\nARA TOPLAM: 0.00 TL\nISKONTO: 0.00 TL\nKDV: 0.00 TL\nTOPLAM: 0.00 TL\nODEME: CARD"}
[2026-05-11 21:42:26] ERROR Error: Socket timeout
    at Socket.<anonymous> (C:\Projects\adisyon sistemi\backend\node_modules\node-thermal-printer\lib\interfaces\network.js:76:16)
    at Socket.emit (node:events:518:28)
    at Socket._onTimeout (node:net:604:8)
    at listOnTimeout (node:internal/timers:588:17)
    at process.processTimers (node:internal/timers:523:7) {"service":"adisyon-backend","ticketType":"ORDER_CONFIRMATION","payloadPreview":"MASA: BALKON 1\nGARSON: ADMIN KULLANICI\nSIPARIS: #91\n\n2x Adaçayı"}
[2026-05-11 21:45:36] ERROR Error: Socket timeout
    at Socket.<anonymous> (C:\Projects\adisyon sistemi\backend\node_modules\node-thermal-printer\lib\interfaces\network.js:76:16)
    at Socket.emit (node:events:518:28)
    at Socket._onTimeout (node:net:604:8)
    at listOnTimeout (node:internal/timers:588:17)
    at process.processTimers (node:internal/timers:523:7) {"service":"adisyon-backend","ticketType":"ITEM_CANCELLED","payloadPreview":""}
[2026-05-11 21:53:21] ERROR Error: Socket timeout
    at Socket.<anonymous> (C:\Projects\adisyon sistemi\backend\node_modules\node-thermal-printer\lib\interfaces\network.js:76:16)
    at Socket.emit (node:events:518:28)
    at Socket._onTimeout (node:net:604:8)
    at listOnTimeout (node:internal/timers:588:17)
    at process.processTimers (node:internal/timers:523:7) {"service":"adisyon-backend","ticketType":"ORDER_CONFIRMATION","payloadPreview":"MASA: BALKON 1\nGARSON: ADMIN KULLANICI\nSIPARIS: #92\n\n2x Adaçayı"}
[2026-05-11 21:53:31] ERROR Error: Socket timeout
    at Socket.<anonymous> (C:\Projects\adisyon sistemi\backend\node_modules\node-thermal-printer\lib\interfaces\network.js:76:16)
    at Socket.emit (node:events:518:28)
    at Socket._onTimeout (node:net:604:8)
    at listOnTimeout (node:internal/timers:588:17)
    at process.processTimers (node:internal/timers:523:7) {"service":"adisyon-backend","ticketType":"CUSTOMER_RECEIPT","payloadPreview":"MASA: BALKON 1\nSIPARIS: #92\n\n2x Adaçayı\n\nARA TOPLAM: 0.00 TL\nISKONTO: 0.00 TL\nKDV: 0.00 TL\nTOPLAM: 0.00 TL\nODEME: CASH"}
[2026-05-11 21:53:35] ERROR Error: Socket timeout
    at Socket.<anonymous> (C:\Projects\adisyon sistemi\backend\node_modules\node-thermal-printer\lib\interfaces\network.js:76:16)
    at Socket.emit (node:events:518:28)
    at Socket._onTimeout (node:net:604:8)
    at listOnTimeout (node:internal/timers:588:17)
    at process.processTimers (node:internal/timers:523:7) {"service":"adisyon-backend","ticketType":"ORDER_CONFIRMATION","payloadPreview":"MASA: BALKON 1\nGARSON: ADMIN KULLANICI\nSIPARIS: #93\n\n2x Adaçayı"}
[2026-05-11 21:53:41] ERROR Error: Socket timeout
    at Socket.<anonymous> (C:\Projects\adisyon sistemi\backend\node_modules\node-thermal-printer\lib\interfaces\network.js:76:16)
    at Socket.emit (node:events:518:28)
    at Socket._onTimeout (node:net:604:8)
    at listOnTimeout (node:internal/timers:588:17)
    at process.processTimers (node:internal/timers:523:7) {"service":"adisyon-backend","ticketType":"CUSTOMER_RECEIPT","payloadPreview":"MASA: BALKON 1\nSIPARIS: #93\n\n1x Adaçayı\n\nARA TOPLAM: 160.00 TL\nISKONTO: 0.00 TL\nKDV: 14.55 TL\nTOPLAM: 160.00 TL\nODEME: CARD"}
[2026-05-11 21:53:51] ERROR Error: Socket timeout
    at Socket.<anonymous> (C:\Projects\adisyon sistemi\backend\node_modules\node-thermal-printer\lib\interfaces\network.js:76:16)
    at Socket.emit (node:events:518:28)
    at Socket._onTimeout (node:net:604:8)
    at listOnTimeout (node:internal/timers:588:17)
    at process.processTimers (node:internal/timers:523:7) {"service":"adisyon-backend","ticketType":"CUSTOMER_RECEIPT","payloadPreview":"MASA: BALKON 1\nSIPARIS: #93\n\n2x Adaçayı\n\nARA TOPLAM: 0.00 TL\nISKONTO: 0.00 TL\nKDV: 0.00 TL\nTOPLAM: 0.00 TL\nODEME: CASH"}
[2026-05-11 21:57:46] ERROR Error: Socket timeout
    at Socket.<anonymous> (C:\Projects\adisyon sistemi\backend\node_modules\node-thermal-printer\lib\interfaces\network.js:76:16)
    at Socket.emit (node:events:518:28)
    at Socket._onTimeout (node:net:604:8)
    at listOnTimeout (node:internal/timers:588:17)
    at process.processTimers (node:internal/timers:523:7) {"service":"adisyon-backend","ticketType":"ORDER_CONFIRMATION","payloadPreview":"MASA: BALKON 1\nGARSON: ADMIN KULLANICI\nSIPARIS: #94\n\n3x Adaçayı"}
[2026-05-11 21:57:53] ERROR Error: Socket timeout
    at Socket.<anonymous> (C:\Projects\adisyon sistemi\backend\node_modules\node-thermal-printer\lib\interfaces\network.js:76:16)
    at Socket.emit (node:events:518:28)
    at Socket._onTimeout (node:net:604:8)
    at listOnTimeout (node:internal/timers:588:17)
    at process.processTimers (node:internal/timers:523:7) {"service":"adisyon-backend","ticketType":"CUSTOMER_RECEIPT","payloadPreview":"MASA: BALKON 1\nSIPARIS: #94\n\n2x Adaçayı\n\nARA TOPLAM: 320.00 TL\nISKONTO: 0.00 TL\nKDV: 29.09 TL\nTOPLAM: 320.00 TL\nODEME: CARD"}
[2026-05-11 21:58:22] ERROR Error: Socket timeout
    at Socket.<anonymous> (C:\Projects\adisyon sistemi\backend\node_modules\node-thermal-printer\lib\interfaces\network.js:76:16)
    at Socket.emit (node:events:518:28)
    at Socket._onTimeout (node:net:604:8)
    at listOnTimeout (node:internal/timers:588:17)
    at process.processTimers (node:internal/timers:523:7) {"service":"adisyon-backend","ticketType":"CUSTOMER_RECEIPT","payloadPreview":"MASA: BALKON 1\nSIPARIS: #94\n\n3x Adaçayı\n\nARA TOPLAM: 0.00 TL\nISKONTO: 0.00 TL\nKDV: 0.00 TL\nTOPLAM: 0.00 TL\nODEME: CASH"}
[2026-05-11 21:58:27] ERROR Error: Socket timeout
    at Socket.<anonymous> (C:\Projects\adisyon sistemi\backend\node_modules\node-thermal-printer\lib\interfaces\network.js:76:16)
    at Socket.emit (node:events:518:28)
    at Socket._onTimeout (node:net:604:8)
    at listOnTimeout (node:internal/timers:588:17)
    at process.processTimers (node:internal/timers:523:7) {"service":"adisyon-backend","ticketType":"ORDER_CONFIRMATION","payloadPreview":"MASA: BALKON 1\nGARSON: ADMIN KULLANICI\nSIPARIS: #95\n\n3x Fincan Çay"}
[2026-05-11 21:58:35] ERROR Error: Socket timeout
    at Socket.<anonymous> (C:\Projects\adisyon sistemi\backend\node_modules\node-thermal-printer\lib\interfaces\network.js:76:16)
    at Socket.emit (node:events:518:28)
    at Socket._onTimeout (node:net:604:8)
    at listOnTimeout (node:internal/timers:588:17)
    at process.processTimers (node:internal/timers:523:7) {"service":"adisyon-backend","ticketType":"CUSTOMER_RECEIPT","payloadPreview":"MASA: BALKON 1\nSIPARIS: #95\n\n2x Fincan Çay\n\nARA TOPLAM: 140.00 TL\nISKONTO: 0.00 TL\nKDV: 12.73 TL\nTOPLAM: 140.00 TL\nODEME: CARD"}
[2026-05-11 22:08:27] ERROR Error: Socket timeout
    at Socket.<anonymous> (C:\Projects\adisyon sistemi\backend\node_modules\node-thermal-printer\lib\interfaces\network.js:76:16)
    at Socket.emit (node:events:518:28)
    at Socket._onTimeout (node:net:604:8)
    at listOnTimeout (node:internal/timers:588:17)
    at process.processTimers (node:internal/timers:523:7) {"service":"adisyon-backend","ticketType":"CUSTOMER_RECEIPT","payloadPreview":"MASA: BALKON 1\nSIPARIS: #95\n\n3x Fincan Çay\n\nARA TOPLAM: 0.00 TL\nISKONTO: 0.00 TL\nKDV: 0.00 TL\nTOPLAM: 0.00 TL\nODEME: CASH"}
[2026-05-11 22:09:55] ERROR Error: Socket timeout
    at Socket.<anonymous> (C:\Projects\adisyon sistemi\backend\node_modules\node-thermal-printer\lib\interfaces\network.js:76:16)
    at Socket.emit (node:events:518:28)
    at Socket._onTimeout (node:net:604:8)
    at listOnTimeout (node:internal/timers:588:17)
    at process.processTimers (node:internal/timers:523:7) {"service":"adisyon-backend","ticketType":"ORDER_CONFIRMATION","payloadPreview":"MASA: BALKON 1\nGARSON: ADMIN KULLANICI\nSIPARIS: #96\n\n2x Adaçayı"}
[2026-05-11 22:10:04] ERROR Error: Socket timeout
    at Socket.<anonymous> (C:\Projects\adisyon sistemi\backend\node_modules\node-thermal-printer\lib\interfaces\network.js:76:16)
    at Socket.emit (node:events:518:28)
    at Socket._onTimeout (node:net:604:8)
    at listOnTimeout (node:internal/timers:588:17)
    at process.processTimers (node:internal/timers:523:7) {"service":"adisyon-backend","ticketType":"CUSTOMER_RECEIPT","payloadPreview":"MASA: BALKON 1\nSIPARIS: #96\n\n1x Adaçayı\n\nARA TOPLAM: 160.00 TL\nISKONTO: 0.00 TL\nKDV: 14.55 TL\nTOPLAM: 160.00 TL\nODEME: CARD"}
[2026-05-11 22:10:14] ERROR Error: Socket timeout
    at Socket.<anonymous> (C:\Projects\adisyon sistemi\backend\node_modules\node-thermal-printer\lib\interfaces\network.js:76:16)
    at Socket.emit (node:events:518:28)
    at Socket._onTimeout (node:net:604:8)
    at listOnTimeout (node:internal/timers:588:17)
    at process.processTimers (node:internal/timers:523:7) {"service":"adisyon-backend","ticketType":"CUSTOMER_RECEIPT","payloadPreview":"MASA: BALKON 1\nSIPARIS: #96\n\n2x Adaçayı\n\nARA TOPLAM: 0.00 TL\nISKONTO: 0.00 TL\nKDV: 0.00 TL\nTOPLAM: 0.00 TL\nODEME: CARD"}
[2026-05-11 22:10:24] ERROR Error: Socket timeout
    at Socket.<anonymous> (C:\Projects\adisyon sistemi\backend\node_modules\node-thermal-printer\lib\interfaces\network.js:76:16)
    at Socket.emit (node:events:518:28)
    at Socket._onTimeout (node:net:604:8)
    at listOnTimeout (node:internal/timers:588:17)
    at process.processTimers (node:internal/timers:523:7) {"service":"adisyon-backend","ticketType":"ORDER_CONFIRMATION","payloadPreview":"MASA: BALKON 1\nGARSON: ADMIN KULLANICI\nSIPARIS: #97\n\n1x Adaçayı\n1x Fincan Çay\n2x Böğürtlen Çayı"}
[2026-05-11 22:10:45] ERROR Error: Socket timeout
    at Socket.<anonymous> (C:\Projects\adisyon sistemi\backend\node_modules\node-thermal-printer\lib\interfaces\network.js:76:16)
    at Socket.emit (node:events:518:28)
    at Socket._onTimeout (node:net:604:8)
    at listOnTimeout (node:internal/timers:588:17)
    at process.processTimers (node:internal/timers:523:7) {"service":"adisyon-backend","ticketType":"CUSTOMER_RECEIPT","payloadPreview":"MASA: BALKON 1\nSIPARIS: #97\n\n1x Böğürtlen Çayı\n\nARA TOPLAM: 160.00 TL\nISKONTO: 0.00 TL\nKDV: 14.55 TL\nTOPLAM: 160.00 TL\nODEME: CARD"}
[2026-05-11 22:11:23] ERROR Error: Socket timeout
    at Socket.<anonymous> (C:\Projects\adisyon sistemi\backend\node_modules\node-thermal-printer\lib\interfaces\network.js:76:16)
    at Socket.emit (node:events:518:28)
    at Socket._onTimeout (node:net:604:8)
    at listOnTimeout (node:internal/timers:588:17)
    at process.processTimers (node:internal/timers:523:7) {"service":"adisyon-backend","ticketType":"CUSTOMER_RECEIPT","payloadPreview":"MASA: BALKON 1\nSIPARIS: #97\n\n2x Böğürtlen Çayı\n1x Adaçayı\n1x Fincan Çay\n\nARA TOPLAM: 0.00 TL\nISKONTO: 0.00 TL\nKDV: 0.00 TL\nTOPLAM: 0.00 TL\nODEME: CASH"}
[2026-05-11 22:13:32] ERROR Error: Socket timeout
    at Socket.<anonymous> (C:\Projects\adisyon sistemi\backend\node_modules\node-thermal-printer\lib\interfaces\network.js:76:16)
    at Socket.emit (node:events:518:28)
    at Socket._onTimeout (node:net:604:8)
    at listOnTimeout (node:internal/timers:588:17)
    at process.processTimers (node:internal/timers:523:7) {"service":"adisyon-backend","ticketType":"ORDER_CONFIRMATION","payloadPreview":"MASA: BALKON 1\nGARSON: ADMIN KULLANICI\nSIPARIS: #98\n\n4x Adaçayı"}
[2026-05-11 22:18:30] ERROR Error: Socket timeout
    at Socket.<anonymous> (C:\Projects\adisyon sistemi\backend\node_modules\node-thermal-printer\lib\interfaces\network.js:76:16)
    at Socket.emit (node:events:518:28)
    at Socket._onTimeout (node:net:604:8)
    at listOnTimeout (node:internal/timers:588:17)
    at process.processTimers (node:internal/timers:523:7) {"service":"adisyon-backend","ticketType":"ITEM_CANCELLED","payloadPreview":""}
[2026-05-11 22:18:40] ERROR Error: Socket timeout
    at Socket.<anonymous> (C:\Projects\adisyon sistemi\backend\node_modules\node-thermal-printer\lib\interfaces\network.js:76:16)
    at Socket.emit (node:events:518:28)
    at Socket._onTimeout (node:net:604:8)
    at listOnTimeout (node:internal/timers:588:17)
    at process.processTimers (node:internal/timers:523:7) {"service":"adisyon-backend","ticketType":"ORDER_CONFIRMATION","payloadPreview":"MASA: BALKON 1\nGARSON: ADMIN KULLANICI\nSIPARIS: #99\n\n3x Adaçayı"}
[2026-05-11 22:18:47] ERROR Error: Socket timeout
    at Socket.<anonymous> (C:\Projects\adisyon sistemi\backend\node_modules\node-thermal-printer\lib\interfaces\network.js:76:16)
    at Socket.emit (node:events:518:28)
    at Socket._onTimeout (node:net:604:8)
    at listOnTimeout (node:internal/timers:588:17)
    at process.processTimers (node:internal/timers:523:7) {"service":"adisyon-backend","ticketType":"CUSTOMER_RECEIPT","payloadPreview":"MASA: BALKON 1\nSIPARIS: #99\n\n3x Adaçayı\n\nARA TOPLAM: 0.00 TL\nISKONTO: 0.00 TL\nKDV: 0.00 TL\nTOPLAM: 0.00 TL\nODEME: CASH"}
[2026-05-11 22:21:32] ERROR Error: Socket timeout
    at Socket.<anonymous> (C:\Projects\adisyon sistemi\backend\node_modules\node-thermal-printer\lib\interfaces\network.js:76:16)
    at Socket.emit (node:events:518:28)
    at Socket._onTimeout (node:net:604:8)
    at listOnTimeout (node:internal/timers:588:17)
    at process.processTimers (node:internal/timers:523:7) {"service":"adisyon-backend","ticketType":"ORDER_CONFIRMATION","payloadPreview":"MASA: BALKON 1\nGARSON: ADMIN KULLANICI\nSIPARIS: #100\n\n2x Adaçayı"}
[2026-05-11 22:21:38] ERROR Error: Socket timeout
    at Socket.<anonymous> (C:\Projects\adisyon sistemi\backend\node_modules\node-thermal-printer\lib\interfaces\network.js:76:16)
    at Socket.emit (node:events:518:28)
    at Socket._onTimeout (node:net:604:8)
    at listOnTimeout (node:internal/timers:588:17)
    at process.processTimers (node:internal/timers:523:7) {"service":"adisyon-backend","ticketType":"CUSTOMER_RECEIPT","payloadPreview":"MASA: BALKON 1\nSIPARIS: #100\n\n1x Adaçayı\n\nARA TOPLAM: 160.00 TL\nISKONTO: 0.00 TL\nKDV: 14.55 TL\nTOPLAM: 160.00 TL\nODEME: CARD"}
[2026-05-11 22:21:50] ERROR Error: Socket timeout
    at Socket.<anonymous> (C:\Projects\adisyon sistemi\backend\node_modules\node-thermal-printer\lib\interfaces\network.js:76:16)
    at Socket.emit (node:events:518:28)
    at Socket._onTimeout (node:net:604:8)
    at listOnTimeout (node:internal/timers:588:17)
    at process.processTimers (node:internal/timers:523:7) {"service":"adisyon-backend","ticketType":"ORDER_CONFIRMATION","payloadPreview":"MASA: BALKON 1\nGARSON: ADMIN KULLANICI\nSIPARIS: #100\n\n2x Adaçayı"}
[2026-05-11 22:25:55] ERROR Error: Socket timeout
    at Socket.<anonymous> (C:\Projects\adisyon sistemi\backend\node_modules\node-thermal-printer\lib\interfaces\network.js:76:16)
    at Socket.emit (node:events:518:28)
    at Socket._onTimeout (node:net:604:8)
    at listOnTimeout (node:internal/timers:588:17)
    at process.processTimers (node:internal/timers:523:7) {"service":"adisyon-backend","ticketType":"ITEM_CANCELLED","payloadPreview":""}
[2026-05-11 22:32:10] ERROR Error: Socket timeout
    at Socket.<anonymous> (C:\Projects\adisyon sistemi\backend\node_modules\node-thermal-printer\lib\interfaces\network.js:76:16)
    at Socket.emit (node:events:518:28)
    at Socket._onTimeout (node:net:604:8)
    at listOnTimeout (node:internal/timers:588:17)
    at process.processTimers (node:internal/timers:523:7) {"service":"adisyon-backend","ticketType":"ORDER_CONFIRMATION","payloadPreview":"MASA: BALKON 1\nGARSON: ADMIN KULLANICI\nSIPARIS: #101\n\n2x Adaçayı"}
