[2026-08-08 17:55:21] ERROR error: column "meal_card_type" of relation "payments" does not exist
    at C:\Projects\adisyon sistemi\backend\node_modules\pg\lib\client.js:631:17
    at process.processTicksAndRejections (node:internal/process/task_queues:105:5)
    at async amountPayment (C:\Projects\adisyon sistemi\backend\src\controllers\order.controller.js:1402:7) {"service":"adisyon-backend","method":"POST","path":"/api/waiter/orders/108/amount-payment","statusCode":500}
[2026-08-08 17:56:06] ERROR Error: Socket timeout
    at Socket.<anonymous> (C:\Projects\adisyon sistemi\backend\node_modules\node-thermal-printer\lib\interfaces\network.js:76:16)
    at Socket.emit (node:events:518:28)
    at Socket._onTimeout (node:net:604:8)
    at listOnTimeout (node:internal/timers:588:17)
    at process.processTimers (node:internal/timers:523:7) {"service":"adisyon-backend","ticketType":"ORDER_CONFIRMATION","payloadPreview":"MASA: BALKON 8\nGARSON: ADMIN KULLANICI\nSIPARIS: #109\n\n1x Elma Çayı\n1x Americano\n1x Apple Pie Latte"}
[2026-08-08 17:56:16] ERROR Error: Socket timeout
    at Socket.<anonymous> (C:\Projects\adisyon sistemi\backend\node_modules\node-thermal-printer\lib\interfaces\network.js:76:16)
    at Socket.emit (node:events:518:28)
    at Socket._onTimeout (node:net:604:8)
    at listOnTimeout (node:internal/timers:588:17)
    at process.processTimers (node:internal/timers:523:7) {"service":"adisyon-backend","ticketType":"ORDER_CONFIRMATION","payloadPreview":"MASA: BALKON 18\nGARSON: ADMIN KULLANICI\nSIPARIS: #110\n\n1x Cloudy\n1x Berriscus"}
[2026-08-08 17:56:21] ERROR Error: Socket timeout
    at Socket.<anonymous> (C:\Projects\adisyon sistemi\backend\node_modules\node-thermal-printer\lib\interfaces\network.js:76:16)
    at Socket.emit (node:events:518:28)
    at Socket._onTimeout (node:net:604:8)
    at listOnTimeout (node:internal/timers:588:17)
    at process.processTimers (node:internal/timers:523:7) {"service":"adisyon-backend","ticketType":"ORDER_CONFIRMATION","payloadPreview":"MASA: BALKON 5\nGARSON: ADMIN KULLANICI\nSIPARIS: #111\n\n1x Beşamel Soslu Tavuk\n1x Chef Köfte\n1x Etli Fajita"}
[2026-08-08 17:56:35] ERROR Error: Socket timeout
    at Socket.<anonymous> (C:\Projects\adisyon sistemi\backend\node_modules\node-thermal-printer\lib\interfaces\network.js:76:16)
    at Socket.emit (node:events:518:28)
    at Socket._onTimeout (node:net:604:8)
    at listOnTimeout (node:internal/timers:588:17)
    at process.processTimers (node:internal/timers:523:7) {"service":"adisyon-backend","ticketType":"ORDER_CONFIRMATION","payloadPreview":"MASA: OYUN SALONU 2\nGARSON: ADMIN KULLANICI\nSIPARIS: #112\n\n1x Buzlu Hazır Kahve\n1x Dondurmalı Frappe\n1x Kahve Deryası Frappe\n1x Oreo Frappe"}
[2026-08-08 17:56:47] ERROR Error: Socket timeout
    at Socket.<anonymous> (C:\Projects\adisyon sistemi\backend\node_modules\node-thermal-printer\lib\interfaces\network.js:76:16)
    at Socket.emit (node:events:518:28)
    at Socket._onTimeout (node:net:604:8)
    at listOnTimeout (node:internal/timers:588:17)
    at process.processTimers (node:internal/timers:523:7) {"service":"adisyon-backend","ticketType":"ORDER_CONFIRMATION","payloadPreview":"MASA: OYUN SALONU 8\nGARSON: ADMIN KULLANICI\nSIPARIS: #113\n\n1x Club Sandviç\n1x Dedikodu Tabağı\n1x Elma Dilim Patates\n1x Karışık Sandviç"}
[2026-08-08 17:57:49] ERROR error: column "meal_card_type" of relation "payments" does not exist
    at C:\Projects\adisyon sistemi\backend\node_modules\pg\lib\client.js:631:17
    at process.processTicksAndRejections (node:internal/process/task_queues:105:5)
    at async amountPayment (C:\Projects\adisyon sistemi\backend\src\controllers\order.controller.js:1402:7) {"service":"adisyon-backend","method":"POST","path":"/api/waiter/orders/108/amount-payment","statusCode":500}
[2026-08-08 17:58:05] ERROR Error: Socket timeout
    at Socket.<anonymous> (C:\Projects\adisyon sistemi\backend\node_modules\node-thermal-printer\lib\interfaces\network.js:76:16)
    at Socket.emit (node:events:518:28)
    at Socket._onTimeout (node:net:604:8)
    at listOnTimeout (node:internal/timers:588:17)
    at process.processTimers (node:internal/timers:523:7) {"service":"adisyon-backend","ticketType":"ITEM_CANCELLED","payloadPreview":""}
[2026-08-08 17:58:15] ERROR Error: Socket timeout
    at Socket.<anonymous> (C:\Projects\adisyon sistemi\backend\node_modules\node-thermal-printer\lib\interfaces\network.js:76:16)
    at Socket.emit (node:events:518:28)
    at Socket._onTimeout (node:net:604:8)
    at listOnTimeout (node:internal/timers:588:17)
    at process.processTimers (node:internal/timers:523:7) {"service":"adisyon-backend","ticketType":"ITEM_CANCELLED","payloadPreview":""}
[2026-08-08 17:58:25] ERROR Error: Socket timeout
    at Socket.<anonymous> (C:\Projects\adisyon sistemi\backend\node_modules\node-thermal-printer\lib\interfaces\network.js:76:16)
    at Socket.emit (node:events:518:28)
    at Socket._onTimeout (node:net:604:8)
    at listOnTimeout (node:internal/timers:588:17)
    at process.processTimers (node:internal/timers:523:7) {"service":"adisyon-backend","ticketType":"ORDER_CONFIRMATION","payloadPreview":"MASA: BALKON 1\nGARSON: ADMIN KULLANICI\nSIPARIS: #114\n\n1x Adaçayı\n1x Böğürtlen Çayı\n1x Elma Çayı\n1x Limonlu Siyah Çay\n1x Limonlu Yeşil Çay"}
[2026-08-08 18:01:10] ERROR error: column "meal_card_type" of relation "payments" does not exist
    at C:\Projects\adisyon sistemi\backend\node_modules\pg\lib\client.js:631:17
    at process.processTicksAndRejections (node:internal/process/task_queues:105:5)
    at async amountPayment (C:\Projects\adisyon sistemi\backend\src\controllers\order.controller.js:1402:7) {"service":"adisyon-backend","method":"POST","path":"/api/waiter/orders/114/amount-payment","statusCode":500}
[2026-08-08 21:52:47] ERROR Error: Socket timeout
    at Socket.<anonymous> (C:\Projects\adisyon sistemi\backend\node_modules\node-thermal-printer\lib\interfaces\network.js:76:16)
    at Socket.emit (node:events:518:28)
    at Socket._onTimeout (node:net:604:8)
    at listOnTimeout (node:internal/timers:588:17)
    at process.processTimers (node:internal/timers:523:7) {"service":"adisyon-backend","ticketType":"CUSTOMER_RECEIPT","payloadPreview":"MASA: BALKON 1\nSIPARIS: #114\n\n1x Adaçayı\n1x Böğürtlen Çayı\n1x Elma Çayı\n1x Limonlu Siyah Çay\n1x Limonlu Yeşil Çay\n\nARA TOPLAM: 0.00 TL\nISKONTO: 0.00 TL\nKDV: 0.00 TL\nTOPLAM: 0.00 TL\nODEME: MEAL_CARD - TOKENFLEX"}
[2026-08-08 22:00:31] ERROR Error: Socket timeout
    at Socket.<anonymous> (C:\Projects\adisyon sistemi\backend\node_modules\node-thermal-printer\lib\interfaces\network.js:76:16)
    at Socket.emit (node:events:518:28)
    at Socket._onTimeout (node:net:604:8)
    at listOnTimeout (node:internal/timers:588:17)
    at process.processTimers (node:internal/timers:523:7) {"service":"adisyon-backend","ticketType":"CUSTOMER_RECEIPT","payloadPreview":"MASA: BALKON 8\nSIPARIS: #109\n\n1x Americano\n\nARA TOPLAM: 170.00 TL\nISKONTO: 0.00 TL\nKDV: 15.45 TL\nTOPLAM: 170.00 TL\nODEME: MEAL_CARD - EDEN RED"}
[2026-08-08 22:00:41] ERROR Error: Socket timeout
    at Socket.<anonymous> (C:\Projects\adisyon sistemi\backend\node_modules\node-thermal-printer\lib\interfaces\network.js:76:16)
    at Socket.emit (node:events:518:28)
    at Socket._onTimeout (node:net:604:8)
    at listOnTimeout (node:internal/timers:588:17)
    at process.processTimers (node:internal/timers:523:7) {"service":"adisyon-backend","ticketType":"CUSTOMER_RECEIPT","payloadPreview":"MASA: BALKON 8\nSIPARIS: #109\n\n1x Americano\n1x Elma Çayı\n1x Apple Pie Latte\n\nARA TOPLAM: 0.00 TL\nISKONTO: 0.00 TL\nKDV: 0.00 TL\nTOPLAM: 0.00 TL\nODEME: CASH"}
[2026-08-08 23:04:20] ERROR Error: Socket timeout
    at Socket.<anonymous> (C:\Projects\adisyon sistemi\backend\node_modules\node-thermal-printer\lib\interfaces\network.js:76:16)
    at Socket.emit (node:events:518:28)
    at Socket._onTimeout (node:net:604:8)
    at listOnTimeout (node:internal/timers:588:17)
    at process.processTimers (node:internal/timers:523:7) {"service":"adisyon-backend","ticketType":"ORDER_CONFIRMATION","payloadPreview":"MASA: OYUN SALONU 2\nGARSON: ADMIN KULLANICI\nSIPARIS: #112\n\n2x Americano"}
